Archive member included to satisfy reference by file (symbol)

.pio\build\bluepill_f103c8\lib6b2\libcomunicador_serie.a(comunicador_serie.o)
                              .pio\build\bluepill_f103c8\src\main.o (USART_init)
.pio\build\bluepill_f103c8\libd29\libtimer.a(timer.o)
                              .pio\build\bluepill_f103c8\src\main.o (TIM4_init)
.pio\build\bluepill_f103c8\libc68\libinterprete.a(interprete.o)
                              .pio\build\bluepill_f103c8\src\main.o (Interprete_init)
c:/users/administrador/.platformio/packages/toolchain-gccarmnoneeabi/bin/../lib/gcc/arm-none-eabi/7.2.1/../../../../arm-none-eabi/lib/thumb/v7-m\libc_nano.a(lib_a-exit.o)
                              c:/users/administrador/.platformio/packages/toolchain-gccarmnoneeabi/bin/../lib/gcc/arm-none-eabi/7.2.1/../../../../arm-none-eabi/lib/thumb/v7-m/crt0.o (exit)
c:/users/administrador/.platformio/packages/toolchain-gccarmnoneeabi/bin/../lib/gcc/arm-none-eabi/7.2.1/../../../../arm-none-eabi/lib/thumb/v7-m\libc_nano.a(lib_a-impure.o)
                              c:/users/administrador/.platformio/packages/toolchain-gccarmnoneeabi/bin/../lib/gcc/arm-none-eabi/7.2.1/../../../../arm-none-eabi/lib/thumb/v7-m\libc_nano.a(lib_a-exit.o) (_global_impure_ptr)
c:/users/administrador/.platformio/packages/toolchain-gccarmnoneeabi/bin/../lib/gcc/arm-none-eabi/7.2.1/../../../../arm-none-eabi/lib/thumb/v7-m\libc_nano.a(lib_a-init.o)
                              c:/users/administrador/.platformio/packages/toolchain-gccarmnoneeabi/bin/../lib/gcc/arm-none-eabi/7.2.1/../../../../arm-none-eabi/lib/thumb/v7-m/crt0.o (__libc_init_array)
c:/users/administrador/.platformio/packages/toolchain-gccarmnoneeabi/bin/../lib/gcc/arm-none-eabi/7.2.1/../../../../arm-none-eabi/lib/thumb/v7-m\libc_nano.a(lib_a-locale.o)
                              .pio\build\bluepill_f103c8\libc68\libinterprete.a(interprete.o) (__locale_ctype_ptr)
c:/users/administrador/.platformio/packages/toolchain-gccarmnoneeabi/bin/../lib/gcc/arm-none-eabi/7.2.1/../../../../arm-none-eabi/lib/thumb/v7-m\libc_nano.a(lib_a-mbtowc_r.o)
                              c:/users/administrador/.platformio/packages/toolchain-gccarmnoneeabi/bin/../lib/gcc/arm-none-eabi/7.2.1/../../../../arm-none-eabi/lib/thumb/v7-m\libc_nano.a(lib_a-locale.o) (__ascii_mbtowc)
c:/users/administrador/.platformio/packages/toolchain-gccarmnoneeabi/bin/../lib/gcc/arm-none-eabi/7.2.1/../../../../arm-none-eabi/lib/thumb/v7-m\libc_nano.a(lib_a-memset.o)
                              c:/users/administrador/.platformio/packages/toolchain-gccarmnoneeabi/bin/../lib/gcc/arm-none-eabi/7.2.1/../../../../arm-none-eabi/lib/thumb/v7-m/crt0.o (memset)
c:/users/administrador/.platformio/packages/toolchain-gccarmnoneeabi/bin/../lib/gcc/arm-none-eabi/7.2.1/../../../../arm-none-eabi/lib/thumb/v7-m\libc_nano.a(lib_a-strcmp.o)
                              c:/users/administrador/.platformio/packages/toolchain-gccarmnoneeabi/bin/../lib/gcc/arm-none-eabi/7.2.1/../../../../arm-none-eabi/lib/thumb/v7-m\libc_nano.a(lib_a-locale.o) (strcmp)
c:/users/administrador/.platformio/packages/toolchain-gccarmnoneeabi/bin/../lib/gcc/arm-none-eabi/7.2.1/../../../../arm-none-eabi/lib/thumb/v7-m\libc_nano.a(lib_a-wctomb_r.o)
                              c:/users/administrador/.platformio/packages/toolchain-gccarmnoneeabi/bin/../lib/gcc/arm-none-eabi/7.2.1/../../../../arm-none-eabi/lib/thumb/v7-m\libc_nano.a(lib_a-locale.o) (__ascii_wctomb)
c:/users/administrador/.platformio/packages/toolchain-gccarmnoneeabi/bin/../lib/gcc/arm-none-eabi/7.2.1/../../../../arm-none-eabi/lib/thumb/v7-m\libc_nano.a(lib_a-ctype_.o)
                              c:/users/administrador/.platformio/packages/toolchain-gccarmnoneeabi/bin/../lib/gcc/arm-none-eabi/7.2.1/../../../../arm-none-eabi/lib/thumb/v7-m\libc_nano.a(lib_a-locale.o) (_ctype_)
.pio\build\bluepill_f103c8\libd11\libsoporte_placa.a(sp_pin.o)
                              .pio\build\bluepill_f103c8\libd29\libtimer.a(timer.o) (SP_Pin_setModo)
c:/users/administrador/.platformio/packages/toolchain-gccarmnoneeabi/bin/../lib/gcc/arm-none-eabi/7.2.1/../../../../arm-none-eabi/lib/thumb/v7-m\libnosys.a(_exit.o)
                              c:/users/administrador/.platformio/packages/toolchain-gccarmnoneeabi/bin/../lib/gcc/arm-none-eabi/7.2.1/../../../../arm-none-eabi/lib/thumb/v7-m\libc_nano.a(lib_a-exit.o) (_exit)

Discarded input sections

 .text          0x00000000        0x0 c:/users/administrador/.platformio/packages/toolchain-gccarmnoneeabi/bin/../lib/gcc/arm-none-eabi/7.2.1/thumb/v7-m/crti.o
 .data          0x00000000        0x0 c:/users/administrador/.platformio/packages/toolchain-gccarmnoneeabi/bin/../lib/gcc/arm-none-eabi/7.2.1/thumb/v7-m/crti.o
 .bss           0x00000000        0x0 c:/users/administrador/.platformio/packages/toolchain-gccarmnoneeabi/bin/../lib/gcc/arm-none-eabi/7.2.1/thumb/v7-m/crti.o
 .data          0x00000000        0x4 c:/users/administrador/.platformio/packages/toolchain-gccarmnoneeabi/bin/../lib/gcc/arm-none-eabi/7.2.1/thumb/v7-m/crtbegin.o
 .text          0x00000000       0x74 c:/users/administrador/.platformio/packages/toolchain-gccarmnoneeabi/bin/../lib/gcc/arm-none-eabi/7.2.1/../../../../arm-none-eabi/lib/thumb/v7-m/crt0.o
 .data          0x00000000        0x0 c:/users/administrador/.platformio/packages/toolchain-gccarmnoneeabi/bin/../lib/gcc/arm-none-eabi/7.2.1/../../../../arm-none-eabi/lib/thumb/v7-m/crt0.o
 .bss           0x00000000        0x0 c:/users/administrador/.platformio/packages/toolchain-gccarmnoneeabi/bin/../lib/gcc/arm-none-eabi/7.2.1/../../../../arm-none-eabi/lib/thumb/v7-m/crt0.o
 .ARM.extab     0x00000000        0x0 c:/users/administrador/.platformio/packages/toolchain-gccarmnoneeabi/bin/../lib/gcc/arm-none-eabi/7.2.1/../../../../arm-none-eabi/lib/thumb/v7-m/crt0.o
 .ARM.exidx     0x00000000        0x8 c:/users/administrador/.platformio/packages/toolchain-gccarmnoneeabi/bin/../lib/gcc/arm-none-eabi/7.2.1/../../../../arm-none-eabi/lib/thumb/v7-m/crt0.o
 .ARM.attributes
                0x00000000       0x1b c:/users/administrador/.platformio/packages/toolchain-gccarmnoneeabi/bin/../lib/gcc/arm-none-eabi/7.2.1/../../../../arm-none-eabi/lib/thumb/v7-m/crt0.o
 .text          0x00000000       0x14 .pio\build\bluepill_f103c8\FrameworkCMSIS\gcc\startup_stm32f103xb.o
 .data          0x00000000        0x0 .pio\build\bluepill_f103c8\FrameworkCMSIS\gcc\startup_stm32f103xb.o
 .bss           0x00000000        0x0 .pio\build\bluepill_f103c8\FrameworkCMSIS\gcc\startup_stm32f103xb.o
 .text          0x00000000        0x0 .pio\build\bluepill_f103c8\FrameworkCMSIS\system_stm32f1xx.o
 .data          0x00000000        0x0 .pio\build\bluepill_f103c8\FrameworkCMSIS\system_stm32f1xx.o
 .bss           0x00000000        0x0 .pio\build\bluepill_f103c8\FrameworkCMSIS\system_stm32f1xx.o
 .rodata.APBPrescTable
                0x00000000        0x8 .pio\build\bluepill_f103c8\FrameworkCMSIS\system_stm32f1xx.o
 .text          0x00000000        0x0 .pio\build\bluepill_f103c8\src\main.o
 .data          0x00000000        0x0 .pio\build\bluepill_f103c8\src\main.o
 .bss           0x00000000        0x0 .pio\build\bluepill_f103c8\src\main.o
 .text          0x00000000        0x0 .pio\build\bluepill_f103c8\lib6b2\libcomunicador_serie.a(comunicador_serie.o)
 .data          0x00000000        0x0 .pio\build\bluepill_f103c8\lib6b2\libcomunicador_serie.a(comunicador_serie.o)
 .bss           0x00000000        0x0 .pio\build\bluepill_f103c8\lib6b2\libcomunicador_serie.a(comunicador_serie.o)
 .text.USART_deInit
                0x00000000        0xc .pio\build\bluepill_f103c8\lib6b2\libcomunicador_serie.a(comunicador_serie.o)
 .text          0x00000000        0x0 .pio\build\bluepill_f103c8\libd29\libtimer.a(timer.o)
 .data          0x00000000        0x0 .pio\build\bluepill_f103c8\libd29\libtimer.a(timer.o)
 .bss           0x00000000        0x0 .pio\build\bluepill_f103c8\libd29\libtimer.a(timer.o)
 .text.TIM4_deInit
                0x00000000       0x18 .pio\build\bluepill_f103c8\libd29\libtimer.a(timer.o)
 .text          0x00000000        0x0 .pio\build\bluepill_f103c8\libc68\libinterprete.a(interprete.o)
 .data          0x00000000        0x0 .pio\build\bluepill_f103c8\libc68\libinterprete.a(interprete.o)
 .bss           0x00000000        0x0 .pio\build\bluepill_f103c8\libc68\libinterprete.a(interprete.o)
 .text          0x00000000        0x0 c:/users/administrador/.platformio/packages/toolchain-gccarmnoneeabi/bin/../lib/gcc/arm-none-eabi/7.2.1/../../../../arm-none-eabi/lib/thumb/v7-m\libc_nano.a(lib_a-exit.o)
 .data          0x00000000        0x0 c:/users/administrador/.platformio/packages/toolchain-gccarmnoneeabi/bin/../lib/gcc/arm-none-eabi/7.2.1/../../../../arm-none-eabi/lib/thumb/v7-m\libc_nano.a(lib_a-exit.o)
 .bss           0x00000000        0x0 c:/users/administrador/.platformio/packages/toolchain-gccarmnoneeabi/bin/../lib/gcc/arm-none-eabi/7.2.1/../../../../arm-none-eabi/lib/thumb/v7-m\libc_nano.a(lib_a-exit.o)
 .text.exit     0x00000000       0x28 c:/users/administrador/.platformio/packages/toolchain-gccarmnoneeabi/bin/../lib/gcc/arm-none-eabi/7.2.1/../../../../arm-none-eabi/lib/thumb/v7-m\libc_nano.a(lib_a-exit.o)
 .debug_frame   0x00000000       0x28 c:/users/administrador/.platformio/packages/toolchain-gccarmnoneeabi/bin/../lib/gcc/arm-none-eabi/7.2.1/../../../../arm-none-eabi/lib/thumb/v7-m\libc_nano.a(lib_a-exit.o)
 .ARM.attributes
                0x00000000       0x2d c:/users/administrador/.platformio/packages/toolchain-gccarmnoneeabi/bin/../lib/gcc/arm-none-eabi/7.2.1/../../../../arm-none-eabi/lib/thumb/v7-m\libc_nano.a(lib_a-exit.o)
 .text          0x00000000        0x0 c:/users/administrador/.platformio/packages/toolchain-gccarmnoneeabi/bin/../lib/gcc/arm-none-eabi/7.2.1/../../../../arm-none-eabi/lib/thumb/v7-m\libc_nano.a(lib_a-impure.o)
 .data          0x00000000        0x0 c:/users/administrador/.platformio/packages/toolchain-gccarmnoneeabi/bin/../lib/gcc/arm-none-eabi/7.2.1/../../../../arm-none-eabi/lib/thumb/v7-m\libc_nano.a(lib_a-impure.o)
 .bss           0x00000000        0x0 c:/users/administrador/.platformio/packages/toolchain-gccarmnoneeabi/bin/../lib/gcc/arm-none-eabi/7.2.1/../../../../arm-none-eabi/lib/thumb/v7-m\libc_nano.a(lib_a-impure.o)
 .rodata._global_impure_ptr
                0x00000000        0x4 c:/users/administrador/.platformio/packages/toolchain-gccarmnoneeabi/bin/../lib/gcc/arm-none-eabi/7.2.1/../../../../arm-none-eabi/lib/thumb/v7-m\libc_nano.a(lib_a-impure.o)
 .text          0x00000000        0x0 c:/users/administrador/.platformio/packages/toolchain-gccarmnoneeabi/bin/../lib/gcc/arm-none-eabi/7.2.1/../../../../arm-none-eabi/lib/thumb/v7-m\libc_nano.a(lib_a-init.o)
 .data          0x00000000        0x0 c:/users/administrador/.platformio/packages/toolchain-gccarmnoneeabi/bin/../lib/gcc/arm-none-eabi/7.2.1/../../../../arm-none-eabi/lib/thumb/v7-m\libc_nano.a(lib_a-init.o)
 .bss           0x00000000        0x0 c:/users/administrador/.platformio/packages/toolchain-gccarmnoneeabi/bin/../lib/gcc/arm-none-eabi/7.2.1/../../../../arm-none-eabi/lib/thumb/v7-m\libc_nano.a(lib_a-init.o)
 .text          0x00000000        0x0 c:/users/administrador/.platformio/packages/toolchain-gccarmnoneeabi/bin/../lib/gcc/arm-none-eabi/7.2.1/../../../../arm-none-eabi/lib/thumb/v7-m\libc_nano.a(lib_a-locale.o)
 .data          0x00000000        0x0 c:/users/administrador/.platformio/packages/toolchain-gccarmnoneeabi/bin/../lib/gcc/arm-none-eabi/7.2.1/../../../../arm-none-eabi/lib/thumb/v7-m\libc_nano.a(lib_a-locale.o)
 .bss           0x00000000        0x0 c:/users/administrador/.platformio/packages/toolchain-gccarmnoneeabi/bin/../lib/gcc/arm-none-eabi/7.2.1/../../../../arm-none-eabi/lib/thumb/v7-m\libc_nano.a(lib_a-locale.o)
 .text._setlocale_r
                0x00000000       0x38 c:/users/administrador/.platformio/packages/toolchain-gccarmnoneeabi/bin/../lib/gcc/arm-none-eabi/7.2.1/../../../../arm-none-eabi/lib/thumb/v7-m\libc_nano.a(lib_a-locale.o)
 .text.__locale_mb_cur_max
                0x00000000       0x1c c:/users/administrador/.platformio/packages/toolchain-gccarmnoneeabi/bin/../lib/gcc/arm-none-eabi/7.2.1/../../../../arm-none-eabi/lib/thumb/v7-m\libc_nano.a(lib_a-locale.o)
 .text.__locale_ctype_ptr_l
                0x00000000        0x6 c:/users/administrador/.platformio/packages/toolchain-gccarmnoneeabi/bin/../lib/gcc/arm-none-eabi/7.2.1/../../../../arm-none-eabi/lib/thumb/v7-m\libc_nano.a(lib_a-locale.o)
 .text.setlocale
                0x00000000       0x10 c:/users/administrador/.platformio/packages/toolchain-gccarmnoneeabi/bin/../lib/gcc/arm-none-eabi/7.2.1/../../../../arm-none-eabi/lib/thumb/v7-m\libc_nano.a(lib_a-locale.o)
 .bss._PathLocale
                0x00000000        0x4 c:/users/administrador/.platformio/packages/toolchain-gccarmnoneeabi/bin/../lib/gcc/arm-none-eabi/7.2.1/../../../../arm-none-eabi/lib/thumb/v7-m\libc_nano.a(lib_a-locale.o)
 .text          0x00000000        0x0 c:/users/administrador/.platformio/packages/toolchain-gccarmnoneeabi/bin/../lib/gcc/arm-none-eabi/7.2.1/../../../../arm-none-eabi/lib/thumb/v7-m\libc_nano.a(lib_a-mbtowc_r.o)
 .data          0x00000000        0x0 c:/users/administrador/.platformio/packages/toolchain-gccarmnoneeabi/bin/../lib/gcc/arm-none-eabi/7.2.1/../../../../arm-none-eabi/lib/thumb/v7-m\libc_nano.a(lib_a-mbtowc_r.o)
 .bss           0x00000000        0x0 c:/users/administrador/.platformio/packages/toolchain-gccarmnoneeabi/bin/../lib/gcc/arm-none-eabi/7.2.1/../../../../arm-none-eabi/lib/thumb/v7-m\libc_nano.a(lib_a-mbtowc_r.o)
 .text._mbtowc_r
                0x00000000       0x24 c:/users/administrador/.platformio/packages/toolchain-gccarmnoneeabi/bin/../lib/gcc/arm-none-eabi/7.2.1/../../../../arm-none-eabi/lib/thumb/v7-m\libc_nano.a(lib_a-mbtowc_r.o)
 .text          0x00000000        0x0 c:/users/administrador/.platformio/packages/toolchain-gccarmnoneeabi/bin/../lib/gcc/arm-none-eabi/7.2.1/../../../../arm-none-eabi/lib/thumb/v7-m\libc_nano.a(lib_a-memset.o)
 .data          0x00000000        0x0 c:/users/administrador/.platformio/packages/toolchain-gccarmnoneeabi/bin/../lib/gcc/arm-none-eabi/7.2.1/../../../../arm-none-eabi/lib/thumb/v7-m\libc_nano.a(lib_a-memset.o)
 .bss           0x00000000        0x0 c:/users/administrador/.platformio/packages/toolchain-gccarmnoneeabi/bin/../lib/gcc/arm-none-eabi/7.2.1/../../../../arm-none-eabi/lib/thumb/v7-m\libc_nano.a(lib_a-memset.o)
 .text.memset   0x00000000       0x10 c:/users/administrador/.platformio/packages/toolchain-gccarmnoneeabi/bin/../lib/gcc/arm-none-eabi/7.2.1/../../../../arm-none-eabi/lib/thumb/v7-m\libc_nano.a(lib_a-memset.o)
 .debug_frame   0x00000000       0x20 c:/users/administrador/.platformio/packages/toolchain-gccarmnoneeabi/bin/../lib/gcc/arm-none-eabi/7.2.1/../../../../arm-none-eabi/lib/thumb/v7-m\libc_nano.a(lib_a-memset.o)
 .ARM.attributes
                0x00000000       0x2d c:/users/administrador/.platformio/packages/toolchain-gccarmnoneeabi/bin/../lib/gcc/arm-none-eabi/7.2.1/../../../../arm-none-eabi/lib/thumb/v7-m\libc_nano.a(lib_a-memset.o)
 .text          0x00000000       0x14 c:/users/administrador/.platformio/packages/toolchain-gccarmnoneeabi/bin/../lib/gcc/arm-none-eabi/7.2.1/../../../../arm-none-eabi/lib/thumb/v7-m\libc_nano.a(lib_a-strcmp.o)
 .data          0x00000000        0x0 c:/users/administrador/.platformio/packages/toolchain-gccarmnoneeabi/bin/../lib/gcc/arm-none-eabi/7.2.1/../../../../arm-none-eabi/lib/thumb/v7-m\libc_nano.a(lib_a-strcmp.o)
 .bss           0x00000000        0x0 c:/users/administrador/.platformio/packages/toolchain-gccarmnoneeabi/bin/../lib/gcc/arm-none-eabi/7.2.1/../../../../arm-none-eabi/lib/thumb/v7-m\libc_nano.a(lib_a-strcmp.o)
 .debug_frame   0x00000000       0x20 c:/users/administrador/.platformio/packages/toolchain-gccarmnoneeabi/bin/../lib/gcc/arm-none-eabi/7.2.1/../../../../arm-none-eabi/lib/thumb/v7-m\libc_nano.a(lib_a-strcmp.o)
 .ARM.attributes
                0x00000000       0x1b c:/users/administrador/.platformio/packages/toolchain-gccarmnoneeabi/bin/../lib/gcc/arm-none-eabi/7.2.1/../../../../arm-none-eabi/lib/thumb/v7-m\libc_nano.a(lib_a-strcmp.o)
 .text          0x00000000        0x0 c:/users/administrador/.platformio/packages/toolchain-gccarmnoneeabi/bin/../lib/gcc/arm-none-eabi/7.2.1/../../../../arm-none-eabi/lib/thumb/v7-m\libc_nano.a(lib_a-wctomb_r.o)
 .data          0x00000000        0x0 c:/users/administrador/.platformio/packages/toolchain-gccarmnoneeabi/bin/../lib/gcc/arm-none-eabi/7.2.1/../../../../arm-none-eabi/lib/thumb/v7-m\libc_nano.a(lib_a-wctomb_r.o)
 .bss           0x00000000        0x0 c:/users/administrador/.platformio/packages/toolchain-gccarmnoneeabi/bin/../lib/gcc/arm-none-eabi/7.2.1/../../../../arm-none-eabi/lib/thumb/v7-m\libc_nano.a(lib_a-wctomb_r.o)
 .text._wctomb_r
                0x00000000       0x24 c:/users/administrador/.platformio/packages/toolchain-gccarmnoneeabi/bin/../lib/gcc/arm-none-eabi/7.2.1/../../../../arm-none-eabi/lib/thumb/v7-m\libc_nano.a(lib_a-wctomb_r.o)
 .text          0x00000000        0x0 c:/users/administrador/.platformio/packages/toolchain-gccarmnoneeabi/bin/../lib/gcc/arm-none-eabi/7.2.1/../../../../arm-none-eabi/lib/thumb/v7-m\libc_nano.a(lib_a-ctype_.o)
 .data          0x00000000        0x0 c:/users/administrador/.platformio/packages/toolchain-gccarmnoneeabi/bin/../lib/gcc/arm-none-eabi/7.2.1/../../../../arm-none-eabi/lib/thumb/v7-m\libc_nano.a(lib_a-ctype_.o)
 .bss           0x00000000        0x0 c:/users/administrador/.platformio/packages/toolchain-gccarmnoneeabi/bin/../lib/gcc/arm-none-eabi/7.2.1/../../../../arm-none-eabi/lib/thumb/v7-m\libc_nano.a(lib_a-ctype_.o)
 .text          0x00000000        0x0 .pio\build\bluepill_f103c8\libd11\libsoporte_placa.a(sp_pin.o)
 .data          0x00000000        0x0 .pio\build\bluepill_f103c8\libd11\libsoporte_placa.a(sp_pin.o)
 .bss           0x00000000        0x0 .pio\build\bluepill_f103c8\libd11\libsoporte_placa.a(sp_pin.o)
 .text.SP_Pin_read
                0x00000000       0x20 .pio\build\bluepill_f103c8\libd11\libsoporte_placa.a(sp_pin.o)
 .text          0x00000000        0x0 c:/users/administrador/.platformio/packages/toolchain-gccarmnoneeabi/bin/../lib/gcc/arm-none-eabi/7.2.1/../../../../arm-none-eabi/lib/thumb/v7-m\libnosys.a(_exit.o)
 .data          0x00000000        0x0 c:/users/administrador/.platformio/packages/toolchain-gccarmnoneeabi/bin/../lib/gcc/arm-none-eabi/7.2.1/../../../../arm-none-eabi/lib/thumb/v7-m\libnosys.a(_exit.o)
 .bss           0x00000000        0x0 c:/users/administrador/.platformio/packages/toolchain-gccarmnoneeabi/bin/../lib/gcc/arm-none-eabi/7.2.1/../../../../arm-none-eabi/lib/thumb/v7-m\libnosys.a(_exit.o)
 .text._exit    0x00000000        0x4 c:/users/administrador/.platformio/packages/toolchain-gccarmnoneeabi/bin/../lib/gcc/arm-none-eabi/7.2.1/../../../../arm-none-eabi/lib/thumb/v7-m\libnosys.a(_exit.o)
 .debug_frame   0x00000000       0x20 c:/users/administrador/.platformio/packages/toolchain-gccarmnoneeabi/bin/../lib/gcc/arm-none-eabi/7.2.1/../../../../arm-none-eabi/lib/thumb/v7-m\libnosys.a(_exit.o)
 .ARM.attributes
                0x00000000       0x2d c:/users/administrador/.platformio/packages/toolchain-gccarmnoneeabi/bin/../lib/gcc/arm-none-eabi/7.2.1/../../../../arm-none-eabi/lib/thumb/v7-m\libnosys.a(_exit.o)
 .text          0x00000000        0x0 c:/users/administrador/.platformio/packages/toolchain-gccarmnoneeabi/bin/../lib/gcc/arm-none-eabi/7.2.1/thumb/v7-m/crtend.o
 .data          0x00000000        0x0 c:/users/administrador/.platformio/packages/toolchain-gccarmnoneeabi/bin/../lib/gcc/arm-none-eabi/7.2.1/thumb/v7-m/crtend.o
 .bss           0x00000000        0x0 c:/users/administrador/.platformio/packages/toolchain-gccarmnoneeabi/bin/../lib/gcc/arm-none-eabi/7.2.1/thumb/v7-m/crtend.o
 .eh_frame      0x00000000        0x4 c:/users/administrador/.platformio/packages/toolchain-gccarmnoneeabi/bin/../lib/gcc/arm-none-eabi/7.2.1/thumb/v7-m/crtend.o
 .ARM.attributes
                0x00000000       0x2d c:/users/administrador/.platformio/packages/toolchain-gccarmnoneeabi/bin/../lib/gcc/arm-none-eabi/7.2.1/thumb/v7-m/crtend.o
 .text          0x00000000        0x0 c:/users/administrador/.platformio/packages/toolchain-gccarmnoneeabi/bin/../lib/gcc/arm-none-eabi/7.2.1/thumb/v7-m/crtn.o
 .data          0x00000000        0x0 c:/users/administrador/.platformio/packages/toolchain-gccarmnoneeabi/bin/../lib/gcc/arm-none-eabi/7.2.1/thumb/v7-m/crtn.o
 .bss           0x00000000        0x0 c:/users/administrador/.platformio/packages/toolchain-gccarmnoneeabi/bin/../lib/gcc/arm-none-eabi/7.2.1/thumb/v7-m/crtn.o

Memory Configuration

Name             Origin             Length             Attributes
RAM              0x20000000         0x00005000         xrw
FLASH            0x08000000         0x00010000         xr
*default*        0x00000000         0xffffffff

Linker script and memory map

LOAD c:/users/administrador/.platformio/packages/toolchain-gccarmnoneeabi/bin/../lib/gcc/arm-none-eabi/7.2.1/thumb/v7-m/crti.o
LOAD c:/users/administrador/.platformio/packages/toolchain-gccarmnoneeabi/bin/../lib/gcc/arm-none-eabi/7.2.1/thumb/v7-m/crtbegin.o
LOAD c:/users/administrador/.platformio/packages/toolchain-gccarmnoneeabi/bin/../lib/gcc/arm-none-eabi/7.2.1/../../../../arm-none-eabi/lib/thumb/v7-m/crt0.o
LOAD .pio\build\bluepill_f103c8\FrameworkCMSIS\gcc\startup_stm32f103xb.o
LOAD .pio\build\bluepill_f103c8\FrameworkCMSIS\system_stm32f1xx.o
LOAD .pio\build\bluepill_f103c8\src\main.o
START GROUP
LOAD .pio\build\bluepill_f103c8\lib6b2\libcomunicador_serie.a
LOAD .pio\build\bluepill_f103c8\libd11\libsoporte_placa.a
LOAD .pio\build\bluepill_f103c8\libd29\libtimer.a
LOAD .pio\build\bluepill_f103c8\libc68\libinterprete.a
LOAD c:/users/administrador/.platformio/packages/toolchain-gccarmnoneeabi/bin/../lib/gcc/arm-none-eabi/7.2.1/../../../../arm-none-eabi/lib/thumb/v7-m\libc_nano.a
LOAD c:/users/administrador/.platformio/packages/toolchain-gccarmnoneeabi/bin/../lib/gcc/arm-none-eabi/7.2.1/thumb/v7-m\libgcc.a
LOAD c:/users/administrador/.platformio/packages/toolchain-gccarmnoneeabi/bin/../lib/gcc/arm-none-eabi/7.2.1/../../../../arm-none-eabi/lib/thumb/v7-m\libm.a
LOAD c:/users/administrador/.platformio/packages/toolchain-gccarmnoneeabi/bin/../lib/gcc/arm-none-eabi/7.2.1/../../../../arm-none-eabi/lib/thumb/v7-m\libstdc++_nano.a
END GROUP
START GROUP
LOAD c:/users/administrador/.platformio/packages/toolchain-gccarmnoneeabi/bin/../lib/gcc/arm-none-eabi/7.2.1/thumb/v7-m\libgcc.a
LOAD c:/users/administrador/.platformio/packages/toolchain-gccarmnoneeabi/bin/../lib/gcc/arm-none-eabi/7.2.1/../../../../arm-none-eabi/lib/thumb/v7-m\libc_nano.a
END GROUP
START GROUP
LOAD c:/users/administrador/.platformio/packages/toolchain-gccarmnoneeabi/bin/../lib/gcc/arm-none-eabi/7.2.1/thumb/v7-m\libgcc.a
LOAD c:/users/administrador/.platformio/packages/toolchain-gccarmnoneeabi/bin/../lib/gcc/arm-none-eabi/7.2.1/../../../../arm-none-eabi/lib/thumb/v7-m\libc_nano.a
LOAD c:/users/administrador/.platformio/packages/toolchain-gccarmnoneeabi/bin/../lib/gcc/arm-none-eabi/7.2.1/../../../../arm-none-eabi/lib/thumb/v7-m\libnosys.a
END GROUP
START GROUP
LOAD c:/users/administrador/.platformio/packages/toolchain-gccarmnoneeabi/bin/../lib/gcc/arm-none-eabi/7.2.1/thumb/v7-m\libgcc.a
LOAD c:/users/administrador/.platformio/packages/toolchain-gccarmnoneeabi/bin/../lib/gcc/arm-none-eabi/7.2.1/../../../../arm-none-eabi/lib/thumb/v7-m\libc_nano.a
LOAD c:/users/administrador/.platformio/packages/toolchain-gccarmnoneeabi/bin/../lib/gcc/arm-none-eabi/7.2.1/../../../../arm-none-eabi/lib/thumb/v7-m\libnosys.a
END GROUP
LOAD c:/users/administrador/.platformio/packages/toolchain-gccarmnoneeabi/bin/../lib/gcc/arm-none-eabi/7.2.1/thumb/v7-m/crtend.o
LOAD c:/users/administrador/.platformio/packages/toolchain-gccarmnoneeabi/bin/../lib/gcc/arm-none-eabi/7.2.1/thumb/v7-m/crtn.o
                0x20005000                _estack = (ORIGIN (RAM) + LENGTH (RAM))
                0x00000200                _Min_Heap_Size = 0x200
                0x00000400                _Min_Stack_Size = 0x400

.isr_vector     0x08000000      0x10c
                0x08000000                . = ALIGN (0x4)
 *(.isr_vector)
 .isr_vector    0x08000000      0x10c .pio\build\bluepill_f103c8\FrameworkCMSIS\gcc\startup_stm32f103xb.o
                0x08000000                g_pfnVectors
                0x0800010c                . = ALIGN (0x4)

.text           0x0800010c      0x63c
                0x0800010c                . = ALIGN (0x4)
 *(.text)
 .text          0x0800010c       0x40 c:/users/administrador/.platformio/packages/toolchain-gccarmnoneeabi/bin/../lib/gcc/arm-none-eabi/7.2.1/thumb/v7-m/crtbegin.o
 *(.text*)
 .text.Reset_Handler
                0x0800014c       0x48 .pio\build\bluepill_f103c8\FrameworkCMSIS\gcc\startup_stm32f103xb.o
                0x0800014c                Reset_Handler
 .text.Default_Handler
                0x08000194        0x2 .pio\build\bluepill_f103c8\FrameworkCMSIS\gcc\startup_stm32f103xb.o
                0x08000194                RTC_Alarm_IRQHandler
                0x08000194                EXTI2_IRQHandler
                0x08000194                DebugMon_Handler
                0x08000194                TIM1_CC_IRQHandler
                0x08000194                HardFault_Handler
                0x08000194                SysTick_Handler
                0x08000194                PVD_IRQHandler
                0x08000194                PendSV_Handler
                0x08000194                NMI_Handler
                0x08000194                EXTI3_IRQHandler
                0x08000194                EXTI0_IRQHandler
                0x08000194                I2C2_EV_IRQHandler
                0x08000194                UsageFault_Handler
                0x08000194                ADC1_2_IRQHandler
                0x08000194                SPI1_IRQHandler
                0x08000194                TAMPER_IRQHandler
                0x08000194                DMA1_Channel4_IRQHandler
                0x08000194                USART3_IRQHandler
                0x08000194                RTC_IRQHandler
                0x08000194                DMA1_Channel7_IRQHandler
                0x08000194                CAN1_RX1_IRQHandler
                0x08000194                I2C1_EV_IRQHandler
                0x08000194                DMA1_Channel6_IRQHandler
                0x08000194                TIM3_IRQHandler
                0x08000194                RCC_IRQHandler
                0x08000194                TIM1_TRG_COM_IRQHandler
                0x08000194                DMA1_Channel1_IRQHandler
                0x08000194                Default_Handler
                0x08000194                EXTI15_10_IRQHandler
                0x08000194                EXTI9_5_IRQHandler
                0x08000194                SPI2_IRQHandler
                0x08000194                MemManage_Handler
                0x08000194                SVC_Handler
                0x08000194                DMA1_Channel5_IRQHandler
                0x08000194                EXTI4_IRQHandler
                0x08000194                USB_LP_CAN1_RX0_IRQHandler
                0x08000194                USB_HP_CAN1_TX_IRQHandler
                0x08000194                DMA1_Channel3_IRQHandler
                0x08000194                TIM1_UP_IRQHandler
                0x08000194                WWDG_IRQHandler
                0x08000194                TIM2_IRQHandler
                0x08000194                TIM1_BRK_IRQHandler
                0x08000194                EXTI1_IRQHandler
                0x08000194                USART2_IRQHandler
                0x08000194                I2C2_ER_IRQHandler
                0x08000194                DMA1_Channel2_IRQHandler
                0x08000194                CAN1_SCE_IRQHandler
                0x08000194                FLASH_IRQHandler
                0x08000194                BusFault_Handler
                0x08000194                USART1_IRQHandler
                0x08000194                I2C1_ER_IRQHandler
                0x08000194                USBWakeUp_IRQHandler
 *fill*         0x08000196        0x2 
 .text.SystemInit
                0x08000198       0x4c .pio\build\bluepill_f103c8\FrameworkCMSIS\system_stm32f1xx.o
                0x08000198                SystemInit
 .text.SystemCoreClockUpdate
                0x080001e4       0x58 .pio\build\bluepill_f103c8\FrameworkCMSIS\system_stm32f1xx.o
                0x080001e4                SystemCoreClockUpdate
 .text.Comando_dist
                0x0800023c       0x80 .pio\build\bluepill_f103c8\src\main.o
                0x0800023c                Comando_dist
 .text.Clock_config
                0x080002bc       0x48 .pio\build\bluepill_f103c8\src\main.o
                0x080002bc                Clock_config
 .text.startup.main
                0x08000304       0x32 .pio\build\bluepill_f103c8\src\main.o
                0x08000304                main
 *fill*         0x08000336        0x2 
 .text.USART_init
                0x08000338       0x68 .pio\build\bluepill_f103c8\lib6b2\libcomunicador_serie.a(comunicador_serie.o)
                0x08000338                USART_init
 .text.USART_read
                0x080003a0       0x18 .pio\build\bluepill_f103c8\lib6b2\libcomunicador_serie.a(comunicador_serie.o)
                0x080003a0                USART_read
 .text.USART_write_byte
                0x080003b8       0x18 .pio\build\bluepill_f103c8\lib6b2\libcomunicador_serie.a(comunicador_serie.o)
                0x080003b8                USART_write_byte
 .text.esperarYTransmitir
                0x080003d0       0x10 .pio\build\bluepill_f103c8\lib6b2\libcomunicador_serie.a(comunicador_serie.o)
                0x080003d0                esperarYTransmitir
 .text.TIM4_init
                0x080003e0       0x64 .pio\build\bluepill_f103c8\libd29\libtimer.a(timer.o)
                0x080003e0                TIM4_init
 .text.TIM4_detectarFlanco
                0x08000444       0x2c .pio\build\bluepill_f103c8\libd29\libtimer.a(timer.o)
                0x08000444                TIM4_detectarFlanco
 .text.TIM4_generaPulso
                0x08000470       0x2c .pio\build\bluepill_f103c8\libd29\libtimer.a(timer.o)
                0x08000470                TIM4_generaPulso
 .text.TIM4_IRQHandler
                0x0800049c        0x2 .pio\build\bluepill_f103c8\libd29\libtimer.a(timer.o)
                0x0800049c                TIM4_IRQHandler
 *fill*         0x0800049e        0x2 
 .text.coincideChar
                0x080004a0       0x60 .pio\build\bluepill_f103c8\libc68\libinterprete.a(interprete.o)
 .text.Interprete_init
                0x08000500       0x10 .pio\build\bluepill_f103c8\libc68\libinterprete.a(interprete.o)
                0x08000500                Interprete_init
 .text.Interprete_procesa
                0x08000510       0x7c .pio\build\bluepill_f103c8\libc68\libinterprete.a(interprete.o)
                0x08000510                Interprete_procesa
 .text.__libc_init_array
                0x0800058c       0x48 c:/users/administrador/.platformio/packages/toolchain-gccarmnoneeabi/bin/../lib/gcc/arm-none-eabi/7.2.1/../../../../arm-none-eabi/lib/thumb/v7-m\libc_nano.a(lib_a-init.o)
                0x0800058c                __libc_init_array
 .text.__locale_ctype_ptr
                0x080005d4       0x1c c:/users/administrador/.platformio/packages/toolchain-gccarmnoneeabi/bin/../lib/gcc/arm-none-eabi/7.2.1/../../../../arm-none-eabi/lib/thumb/v7-m\libc_nano.a(lib_a-locale.o)
                0x080005d4                __locale_ctype_ptr
 .text.__ascii_mbtowc
                0x080005f0       0x24 c:/users/administrador/.platformio/packages/toolchain-gccarmnoneeabi/bin/../lib/gcc/arm-none-eabi/7.2.1/../../../../arm-none-eabi/lib/thumb/v7-m\libc_nano.a(lib_a-mbtowc_r.o)
                0x080005f0                __ascii_mbtowc
 .text.__ascii_wctomb
                0x08000614       0x1a c:/users/administrador/.platformio/packages/toolchain-gccarmnoneeabi/bin/../lib/gcc/arm-none-eabi/7.2.1/../../../../arm-none-eabi/lib/thumb/v7-m\libc_nano.a(lib_a-wctomb_r.o)
                0x08000614                __ascii_wctomb
 *fill*         0x0800062e        0x2 
 .text.desactivarJtag
                0x08000630       0x2c .pio\build\bluepill_f103c8\libd11\libsoporte_placa.a(sp_pin.o)
 .text.config_modo
                0x0800065c       0x38 .pio\build\bluepill_f103c8\libd11\libsoporte_placa.a(sp_pin.o)
 .text.SP_Pin_write
                0x08000694       0x24 .pio\build\bluepill_f103c8\libd11\libsoporte_placa.a(sp_pin.o)
                0x08000694                SP_Pin_write
 .text.SP_Pin_setModo
                0x080006b8       0x78 .pio\build\bluepill_f103c8\libd11\libsoporte_placa.a(sp_pin.o)
                0x080006b8                SP_Pin_setModo
 *(.glue_7)
 .glue_7        0x08000730        0x0 linker stubs
 *(.glue_7t)
 .glue_7t       0x08000730        0x0 linker stubs
 *(.eh_frame)
 .eh_frame      0x08000730        0x0 c:/users/administrador/.platformio/packages/toolchain-gccarmnoneeabi/bin/../lib/gcc/arm-none-eabi/7.2.1/thumb/v7-m/crtbegin.o
 *(.init)
 .init          0x08000730        0x4 c:/users/administrador/.platformio/packages/toolchain-gccarmnoneeabi/bin/../lib/gcc/arm-none-eabi/7.2.1/thumb/v7-m/crti.o
                0x08000730                _init
 .init          0x08000734        0x8 c:/users/administrador/.platformio/packages/toolchain-gccarmnoneeabi/bin/../lib/gcc/arm-none-eabi/7.2.1/thumb/v7-m/crtn.o
 *(.fini)
 .fini          0x0800073c        0x4 c:/users/administrador/.platformio/packages/toolchain-gccarmnoneeabi/bin/../lib/gcc/arm-none-eabi/7.2.1/thumb/v7-m/crti.o
                0x0800073c                _fini
 .fini          0x08000740        0x8 c:/users/administrador/.platformio/packages/toolchain-gccarmnoneeabi/bin/../lib/gcc/arm-none-eabi/7.2.1/thumb/v7-m/crtn.o
                0x08000748                . = ALIGN (0x4)
                0x08000748                _etext = .

.vfp11_veneer   0x08000748        0x0
 .vfp11_veneer  0x08000748        0x0 linker stubs

.v4_bx          0x08000748        0x0
 .v4_bx         0x08000748        0x0 linker stubs

.iplt           0x08000748        0x0
 .iplt          0x08000748        0x0 c:/users/administrador/.platformio/packages/toolchain-gccarmnoneeabi/bin/../lib/gcc/arm-none-eabi/7.2.1/thumb/v7-m/crtbegin.o

.rodata         0x08000748      0x2ac
                0x08000748                . = ALIGN (0x4)
 *(.rodata)
 *(.rodata*)
 .rodata.AHBPrescTable
                0x08000748       0x10 .pio\build\bluepill_f103c8\FrameworkCMSIS\system_stm32f1xx.o
                0x08000748                AHBPrescTable
 .rodata.Comando_dist.str1.1
                0x08000758        0x4 .pio\build\bluepill_f103c8\src\main.o
 .rodata.Interprete_procesa.str1.1
                0x0800075c        0x4 .pio\build\bluepill_f103c8\libc68\libinterprete.a(interprete.o)
 .rodata.coincideChar.str1.1
                0x08000760        0x6 .pio\build\bluepill_f103c8\libc68\libinterprete.a(interprete.o)
 .rodata._setlocale_r.str1.1
                0x08000766        0x8 c:/users/administrador/.platformio/packages/toolchain-gccarmnoneeabi/bin/../lib/gcc/arm-none-eabi/7.2.1/../../../../arm-none-eabi/lib/thumb/v7-m\libc_nano.a(lib_a-locale.o)
                                  0x9 (size before relaxing)
 .rodata.str1.1
                0x0800076e        0x2 c:/users/administrador/.platformio/packages/toolchain-gccarmnoneeabi/bin/../lib/gcc/arm-none-eabi/7.2.1/../../../../arm-none-eabi/lib/thumb/v7-m\libc_nano.a(lib_a-locale.o)
 .rodata._ctype_
                0x08000770      0x101 c:/users/administrador/.platformio/packages/toolchain-gccarmnoneeabi/bin/../lib/gcc/arm-none-eabi/7.2.1/../../../../arm-none-eabi/lib/thumb/v7-m\libc_nano.a(lib_a-ctype_.o)
                0x08000770                _ctype_
 *fill*         0x08000871        0x3 
 .rodata.pines  0x08000874      0x180 .pio\build\bluepill_f103c8\libd11\libsoporte_placa.a(sp_pin.o)
                0x080009f4                . = ALIGN (0x4)

.rel.dyn        0x080009f4        0x0
 .rel.iplt      0x080009f4        0x0 c:/users/administrador/.platformio/packages/toolchain-gccarmnoneeabi/bin/../lib/gcc/arm-none-eabi/7.2.1/thumb/v7-m/crtbegin.o

.ARM.extab      0x080009f4        0x0
                0x080009f4                . = ALIGN (0x4)
 *(.ARM.extab* .gnu.linkonce.armextab.*)
                0x080009f4                . = ALIGN (0x4)

.ARM            0x080009f4        0x0
                0x080009f4                . = ALIGN (0x4)
                0x080009f4                __exidx_start = .
 *(.ARM.exidx*)
                0x080009f4                __exidx_end = .
                0x080009f4                . = ALIGN (0x4)

.preinit_array  0x080009f4        0x0
                0x080009f4                . = ALIGN (0x4)
                0x080009f4                PROVIDE (__preinit_array_start, .)
 *(.preinit_array*)
                0x080009f4                PROVIDE (__preinit_array_end, .)
                0x080009f4                . = ALIGN (0x4)

.init_array     0x080009f4        0x4
                0x080009f4                . = ALIGN (0x4)
                0x080009f4                PROVIDE (__init_array_start, .)
 *(SORT_BY_NAME(.init_array.*))
 *(.init_array*)
 .init_array    0x080009f4        0x4 c:/users/administrador/.platformio/packages/toolchain-gccarmnoneeabi/bin/../lib/gcc/arm-none-eabi/7.2.1/thumb/v7-m/crtbegin.o
                0x080009f8                PROVIDE (__init_array_end, .)
                0x080009f8                . = ALIGN (0x4)

.fini_array     0x080009f8        0x4
                0x080009f8                . = ALIGN (0x4)
                [!provide]                PROVIDE (__fini_array_start, .)
 *(SORT_BY_NAME(.fini_array.*))
 *(.fini_array*)
 .fini_array    0x080009f8        0x4 c:/users/administrador/.platformio/packages/toolchain-gccarmnoneeabi/bin/../lib/gcc/arm-none-eabi/7.2.1/thumb/v7-m/crtbegin.o
                [!provide]                PROVIDE (__fini_array_end, .)
                0x080009fc                . = ALIGN (0x4)
                0x080009fc                _sidata = LOADADDR (.data)

.data           0x20000000      0x1d4 load address 0x080009fc
                0x20000000                . = ALIGN (0x4)
                0x20000000                _sdata = .
 *(.data)
 *(.data*)
 .data.SystemCoreClock
                0x20000000        0x4 .pio\build\bluepill_f103c8\FrameworkCMSIS\system_stm32f1xx.o
                0x20000000                SystemCoreClock
 .data._impure_ptr
                0x20000004        0x4 c:/users/administrador/.platformio/packages/toolchain-gccarmnoneeabi/bin/../lib/gcc/arm-none-eabi/7.2.1/../../../../arm-none-eabi/lib/thumb/v7-m\libc_nano.a(lib_a-impure.o)
                0x20000004                _impure_ptr
 .data.impure_data
                0x20000008       0x60 c:/users/administrador/.platformio/packages/toolchain-gccarmnoneeabi/bin/../lib/gcc/arm-none-eabi/7.2.1/../../../../arm-none-eabi/lib/thumb/v7-m\libc_nano.a(lib_a-impure.o)
 .data.__global_locale
                0x20000068      0x16c c:/users/administrador/.platformio/packages/toolchain-gccarmnoneeabi/bin/../lib/gcc/arm-none-eabi/7.2.1/../../../../arm-none-eabi/lib/thumb/v7-m\libc_nano.a(lib_a-locale.o)
                0x20000068                __global_locale
 *(.RamFunc)
 *(.RamFunc*)
                0x200001d4                . = ALIGN (0x4)
                0x200001d4                _edata = .

.igot.plt       0x200001d4        0x0 load address 0x08000bd0
 .igot.plt      0x200001d4        0x0 c:/users/administrador/.platformio/packages/toolchain-gccarmnoneeabi/bin/../lib/gcc/arm-none-eabi/7.2.1/thumb/v7-m/crtbegin.o
                0x200001d4                . = ALIGN (0x4)

.bss            0x200001d4       0x30 load address 0x08000bd0
                0x200001d4                _sbss = .
                0x200001d4                __bss_start__ = _sbss
 *(.bss)
 .bss           0x200001d4       0x1c c:/users/administrador/.platformio/packages/toolchain-gccarmnoneeabi/bin/../lib/gcc/arm-none-eabi/7.2.1/thumb/v7-m/crtbegin.o
 *(.bss*)
 .bss.digitosATransmitir.4985
                0x200001f0        0xa .pio\build\bluepill_f103c8\src\main.o
 *fill*         0x200001fa        0x2 
 .bss.interprete
                0x200001fc        0x8 .pio\build\bluepill_f103c8\libc68\libinterprete.a(interprete.o)
 *(COMMON)
                0x20000204                . = ALIGN (0x4)
                0x20000204                _ebss = .
                0x20000204                __bss_end__ = _ebss

._user_heap_stack
                0x20000204      0x604 load address 0x08000bd0
                0x20000208                . = ALIGN (0x8)
 *fill*         0x20000204        0x4 
                [!provide]                PROVIDE (end, .)
                [!provide]                PROVIDE (_end, .)
                0x20000408                . = (. + _Min_Heap_Size)
 *fill*         0x20000208      0x200 
                0x20000808                . = (. + _Min_Stack_Size)
 *fill*         0x20000408      0x400 
                0x20000808                . = ALIGN (0x8)

/DISCARD/
 libc.a(*)
 libm.a(*)
 libgcc.a(*)

.ARM.attributes
                0x00000000       0x29
 *(.ARM.attributes)
 .ARM.attributes
                0x00000000       0x1d c:/users/administrador/.platformio/packages/toolchain-gccarmnoneeabi/bin/../lib/gcc/arm-none-eabi/7.2.1/thumb/v7-m/crti.o
 .ARM.attributes
                0x0000001d       0x2d c:/users/administrador/.platformio/packages/toolchain-gccarmnoneeabi/bin/../lib/gcc/arm-none-eabi/7.2.1/thumb/v7-m/crtbegin.o
 .ARM.attributes
                0x0000004a       0x21 .pio\build\bluepill_f103c8\FrameworkCMSIS\gcc\startup_stm32f103xb.o
 .ARM.attributes
                0x0000006b       0x33 .pio\build\bluepill_f103c8\FrameworkCMSIS\system_stm32f1xx.o
 .ARM.attributes
                0x0000009e       0x33 .pio\build\bluepill_f103c8\src\main.o
 .ARM.attributes
                0x000000d1       0x33 .pio\build\bluepill_f103c8\lib6b2\libcomunicador_serie.a(comunicador_serie.o)
 .ARM.attributes
                0x00000104       0x33 .pio\build\bluepill_f103c8\libd29\libtimer.a(timer.o)
 .ARM.attributes
                0x00000137       0x33 .pio\build\bluepill_f103c8\libc68\libinterprete.a(interprete.o)
 .ARM.attributes
                0x0000016a       0x2d c:/users/administrador/.platformio/packages/toolchain-gccarmnoneeabi/bin/../lib/gcc/arm-none-eabi/7.2.1/../../../../arm-none-eabi/lib/thumb/v7-m\libc_nano.a(lib_a-impure.o)
 .ARM.attributes
                0x00000197       0x2d c:/users/administrador/.platformio/packages/toolchain-gccarmnoneeabi/bin/../lib/gcc/arm-none-eabi/7.2.1/../../../../arm-none-eabi/lib/thumb/v7-m\libc_nano.a(lib_a-init.o)
 .ARM.attributes
                0x000001c4       0x2d c:/users/administrador/.platformio/packages/toolchain-gccarmnoneeabi/bin/../lib/gcc/arm-none-eabi/7.2.1/../../../../arm-none-eabi/lib/thumb/v7-m\libc_nano.a(lib_a-locale.o)
 .ARM.attributes
                0x000001f1       0x2d c:/users/administrador/.platformio/packages/toolchain-gccarmnoneeabi/bin/../lib/gcc/arm-none-eabi/7.2.1/../../../../arm-none-eabi/lib/thumb/v7-m\libc_nano.a(lib_a-mbtowc_r.o)
 .ARM.attributes
                0x0000021e       0x2d c:/users/administrador/.platformio/packages/toolchain-gccarmnoneeabi/bin/../lib/gcc/arm-none-eabi/7.2.1/../../../../arm-none-eabi/lib/thumb/v7-m\libc_nano.a(lib_a-wctomb_r.o)
 .ARM.attributes
                0x0000024b       0x2d c:/users/administrador/.platformio/packages/toolchain-gccarmnoneeabi/bin/../lib/gcc/arm-none-eabi/7.2.1/../../../../arm-none-eabi/lib/thumb/v7-m\libc_nano.a(lib_a-ctype_.o)
 .ARM.attributes
                0x00000278       0x33 .pio\build\bluepill_f103c8\libd11\libsoporte_placa.a(sp_pin.o)
 .ARM.attributes
                0x000002ab       0x1d c:/users/administrador/.platformio/packages/toolchain-gccarmnoneeabi/bin/../lib/gcc/arm-none-eabi/7.2.1/thumb/v7-m/crtn.o
OUTPUT(.pio\build\bluepill_f103c8\firmware.elf elf32-littlearm)

.comment        0x00000000       0x7e
 .comment       0x00000000       0x7e .pio\build\bluepill_f103c8\FrameworkCMSIS\system_stm32f1xx.o
                                 0x7f (size before relaxing)
 .comment       0x0000007e       0x7f .pio\build\bluepill_f103c8\src\main.o
 .comment       0x0000007e       0x7f .pio\build\bluepill_f103c8\lib6b2\libcomunicador_serie.a(comunicador_serie.o)
 .comment       0x0000007e       0x7f .pio\build\bluepill_f103c8\libd29\libtimer.a(timer.o)
 .comment       0x0000007e       0x7f .pio\build\bluepill_f103c8\libc68\libinterprete.a(interprete.o)
 .comment       0x0000007e       0x7f .pio\build\bluepill_f103c8\libd11\libsoporte_placa.a(sp_pin.o)

.debug_frame    0x00000000      0x118
 .debug_frame   0x00000000       0x2c c:/users/administrador/.platformio/packages/toolchain-gccarmnoneeabi/bin/../lib/gcc/arm-none-eabi/7.2.1/../../../../arm-none-eabi/lib/thumb/v7-m\libc_nano.a(lib_a-init.o)
 .debug_frame   0x0000002c       0x68 c:/users/administrador/.platformio/packages/toolchain-gccarmnoneeabi/bin/../lib/gcc/arm-none-eabi/7.2.1/../../../../arm-none-eabi/lib/thumb/v7-m\libc_nano.a(lib_a-locale.o)
 .debug_frame   0x00000094       0x48 c:/users/administrador/.platformio/packages/toolchain-gccarmnoneeabi/bin/../lib/gcc/arm-none-eabi/7.2.1/../../../../arm-none-eabi/lib/thumb/v7-m\libc_nano.a(lib_a-mbtowc_r.o)
 .debug_frame   0x000000dc       0x3c c:/users/administrador/.platformio/packages/toolchain-gccarmnoneeabi/bin/../lib/gcc/arm-none-eabi/7.2.1/../../../../arm-none-eabi/lib/thumb/v7-m\libc_nano.a(lib_a-wctomb_r.o)
